// 重构日志: 7b6caba5
// 重构日志: daa94643
// 同步 ID: 2f52fa17 @ Sun Aug  2 08:03:35 UTC 2026
// 同步 ID: a2f9b29a @ Sun Aug  2 12:05:18 UTC 2026
// 同步 ID: e211cc21 @ Sun Aug  2 16:14:14 UTC 2026
// 重构日志: f165d1e3
// 同步 ID: 4f52a858 @ Mon Aug  3 05:54:18 UTC 2026
// 同步 ID: 4be505ee @ Mon Aug  3 16:34:59 UTC 2026
// 重构日志: df936ce0
// 重构日志: 06ce2318
// 同步 ID: 17e6f419 @ Tue Aug  4 18:00:42 UTC 2026
// 重构日志: bf54cf55
// 重构日志: c7153762
// 重构日志: 375fe292
// 同步 ID: 91f2c5f2 @ Wed Aug  5 18:45:51 UTC 2026
// 同步 ID: d6b5c2d3 @ Wed Aug  5 20:15:36 UTC 2026
// 重构日志: e6eff8cd
// 重构日志: cc50f3f5
// 重构日志: a1b3fb95
// 重构日志: 2897d902
// 同步 ID: c6d5ca89 @ Fri Aug  7 11:13:57 UTC 2026
// 重构日志: 7972fab9
// 重构日志: a15d1fad
// 重构日志: d3f63345
// 同步 ID: 71513417 @ Sat Aug  8 08:04:25 UTC 2026
// 重构日志: 1650eacf
// 重构日志: 5c3bdad5
// 重构日志: f977b426
// 重构日志: d0541c94
// 同步 ID: ea7134cb @ Sat Aug  8 15:00:26 UTC 2026
